// Jest Snapshot v1, https://goo.gl/fbAQLP

exports[`Button Component renders as expected 1`] = `
ShallowWrapper {
  Symbol(enzyme.__root__): [Circular],
  Symbol(enzyme.__unrendered__): <Button
    onPress={null}
    radius={5}
    textColor="primary"
  >
    hello
  </Button>,
  Symbol(enzyme.__renderer__): Object {
    "batchedUpdates": [Function],
    "getNode": [Function],
    "render": [Function],
    "simulateError": [Function],
    "simulateEvent": [Function],
    "unmount": [Function],
  },
  Symbol(enzyme.__node__): Object {
    "instance": null,
    "key": undefined,
    "nodeType": "class",
    "props": Object {
      "activeOpacity": 0.2,
      "children": <LinearGradient
        colors={
          Array [
            "#FFB36F",
            "#FF7B3C",
          ]
        }
        end={
          Object {
            "x": 1,
            "y": 0,
          }
        }
        start={
          Object {
            "x": 0,
            "y": 1,
          }
        }
        style={
          Array [
            Object {
              "borderRadius": 50,
              "elevation": 1,
              "padding": 20,
            },
            Object {
              "borderRadius": 5,
            },
            undefined,
          ]
        }
      >
        <Text
          h2={true}
          style={
            Array [
              Object {
                "color": "#FFFFFF",
                "textAlign": "center",
              },
              Object {
                "color": "#FC6821",
              },
            ]
          }
          useNativeDriver={true}
        >
          hello
        </Text>
      </LinearGradient>,
      "onPress": null,
      "style": Object {
        "shadowColor": "#FC6821",
        "shadowOffset": Object {
          "height": 1,
          "width": 0,
        },
        "shadowOpacity": 0.22,
        "shadowRadius": 2.22,
      },
      "testID": undefined,
    },
    "ref": null,
    "rendered": Object {
      "instance": null,
      "key": undefined,
      "nodeType": "class",
      "props": Object {
        "children": <Text
          h2={true}
          style={
            Array [
              Object {
                "color": "#FFFFFF",
                "textAlign": "center",
              },
              Object {
                "color": "#FC6821",
              },
            ]
          }
          useNativeDriver={true}
        >
          hello
        </Text>,
        "colors": Array [
          "#FFB36F",
          "#FF7B3C",
        ],
        "end": Object {
          "x": 1,
          "y": 0,
        },
        "start": Object {
          "x": 0,
          "y": 1,
        },
        "style": Array [
          Object {
            "borderRadius": 50,
            "elevation": 1,
            "padding": 20,
          },
          Object {
            "borderRadius": 5,
          },
          undefined,
        ],
      },
      "ref": null,
      "rendered": Object {
        "instance": null,
        "key": undefined,
        "nodeType": "class",
        "props": Object {
          "children": "hello",
          "h2": true,
          "style": Array [
            Object {
              "color": "#FFFFFF",
              "textAlign": "center",
            },
            Object {
              "color": "#FC6821",
            },
          ],
          "useNativeDriver": true,
        },
        "ref": null,
        "rendered": "hello",
        "type": [Function],
      },
      "type": [Function],
    },
    "type": [Function],
  },
  Symbol(enzyme.__nodes__): Array [
    Object {
      "instance": null,
      "key": undefined,
      "nodeType": "class",
      "props": Object {
        "activeOpacity": 0.2,
        "children": <LinearGradient
          colors={
            Array [
              "#FFB36F",
              "#FF7B3C",
            ]
          }
          end={
            Object {
              "x": 1,
              "y": 0,
            }
          }
          start={
            Object {
              "x": 0,
              "y": 1,
            }
          }
          style={
            Array [
              Object {
                "borderRadius": 50,
                "elevation": 1,
                "padding": 20,
              },
              Object {
                "borderRadius": 5,
              },
              undefined,
            ]
          }
        >
          <Text
            h2={true}
            style={
              Array [
                Object {
                  "color": "#FFFFFF",
                  "textAlign": "center",
                },
                Object {
                  "color": "#FC6821",
                },
              ]
            }
            useNativeDriver={true}
          >
            hello
          </Text>
        </LinearGradient>,
        "onPress": null,
        "style": Object {
          "shadowColor": "#FC6821",
          "shadowOffset": Object {
            "height": 1,
            "width": 0,
          },
          "shadowOpacity": 0.22,
          "shadowRadius": 2.22,
        },
        "testID": undefined,
      },
      "ref": null,
      "rendered": Object {
        "instance": null,
        "key": undefined,
        "nodeType": "class",
        "props": Object {
          "children": <Text
            h2={true}
            style={
              Array [
                Object {
                  "color": "#FFFFFF",
                  "textAlign": "center",
                },
                Object {
                  "color": "#FC6821",
                },
              ]
            }
            useNativeDriver={true}
          >
            hello
          </Text>,
          "colors": Array [
            "#FFB36F",
            "#FF7B3C",
          ],
          "end": Object {
            "x": 1,
            "y": 0,
          },
          "start": Object {
            "x": 0,
            "y": 1,
          },
          "style": Array [
            Object {
              "borderRadius": 50,
              "elevation": 1,
              "padding": 20,
            },
            Object {
              "borderRadius": 5,
            },
            undefined,
          ],
        },
        "ref": null,
        "rendered": Object {
          "instance": null,
          "key": undefined,
          "nodeType": "class",
          "props": Object {
            "children": "hello",
            "h2": true,
            "style": Array [
              Object {
                "color": "#FFFFFF",
                "textAlign": "center",
              },
              Object {
                "color": "#FC6821",
              },
            ],
            "useNativeDriver": true,
          },
          "ref": null,
          "rendered": "hello",
          "type": [Function],
        },
        "type": [Function],
      },
      "type": [Function],
    },
  ],
  Symbol(enzyme.__options__): Object {
    "adapter": ReactSixteenAdapter {
      "options": Object {
        "enableComponentDidUpdateOnSetState": true,
        "lifecycles": Object {
          "componentDidUpdate": Object {
            "onSetState": true,
          },
          "getDerivedStateFromProps": true,
          "getSnapshotBeforeUpdate": true,
          "setState": Object {
            "skipsComponentDidUpdateOnNullish": true,
          },
        },
      },
    },
  },
}
`;
